// Jest Snapshot v1, https://goo.gl/fbAQLP
// 'npm run test -- -u' to update snapshot

exports[`render Layout 1`] = `
<div>
  <html
    lang="en"
  >
    <body>
      Test
    </body>
  </html>
</div>
`;
